[backblue.gif]
[fade.gif]
[index.html]
[localhost/reftec.co.za/index.php/feed/index.html]
[localhost/reftec.co.za/index.php/comments/feed/index.html]
[localhost/reftec.co.za/index.php/wp-json/index.html]
[localhost/reftec.co.za/index.php/wp-json/wp/v2/pages/78.json]
[localhost/reftec.co.za/xmlrpc0db0.php]
[localhost/reftec.co.za/index.php/wp-json/oembed/1.0/embed26fe.json]
[localhost/reftec.co.za/index.php/wp-json/oembed/1.0/embed85ba]
[localhost/reftec.co.za/wp-content/uploads/2025/08/cropped-REFTEC_Favicon_512x512-1-32x32.png]
[localhost/reftec.co.za/wp-content/uploads/2025/08/cropped-REFTEC_Favicon_512x512-1-192x192.png]
[localhost/reftec.co.za/wp-content/uploads/2025/08/cropped-REFTEC_Favicon_512x512-1-180x180.png]
[localhost/reftec.co.za/wp-content/uploads/2025/08/cropped-RefTec_Logo-2048x819-1.png]
[localhost/reftec.co.za/wp-content/uploads/2025/06/pexels-photo-813872-813872-1024x611.jpg]
[localhost/reftec.co.za/wp-content/uploads/2025/08/467973982_968085821810733_4217653164574340927_n-1.jpg]
[localhost/reftec.co.za/wp-content/uploads/2025/08/spar-logo-1024x512-1.png]
[localhost/reftec.co.za/wp-content/uploads/2025/08/coke-logo-1024x512-1.png]
[localhost/reftec.co.za/wp-content/uploads/2025/08/pnp-logo-512x1024-2.png]
[localhost/reftec.co.za/wp-content/uploads/2025/08/woolworths-logo-1024x512-1.png]
[localhost/reftec.co.za/wp-content/themes/astra/assets/js/minified/frontend.min3167.js]
[localhost/reftec.co.za/index.html]
[localhost/reftec.co.za/wp-content/themes/astra/assets/css/minified/main.min3167.css]
[localhost/reftec.co.za/wp-content/themes/astra/assets/css/minified/menu-animation.min3167.css]
[localhost/reftec.co.za/wp-includes/css/dist/block-library/style.min6c2d.css]
[localhost/reftec.co.za/index.php/wp-json/wp/v2/pages/126.json]
[localhost/reftec.co.za/index.php/wp-json/oembed/1.0/embede140.json]
[localhost/reftec.co.za/index.php/wp-json/oembed/1.0/embed8601]
[localhost/reftec.co.za/index.php/our-services/index.html]
[localhost/reftec.co.za/index.php/wp-json/wp/v2/pages/121.json]
[localhost/reftec.co.za/index.php/wp-json/oembed/1.0/embede714.json]
[localhost/reftec.co.za/index.php/wp-json/oembed/1.0/embed64e9]
[localhost/reftec.co.za/wp-content/uploads/2025/08/127868033_104680878151236_7077878800981015787_n-1-485x1024.jpg]
[localhost/reftec.co.za/wp-content/uploads/2025/08/138535842_129118005707523_8972648610027528103_n-1-1024x485.jpg]
[localhost/reftec.co.za/wp-content/uploads/2025/08/191234430_211854480767208_1944405415016670509_n-1.jpg]
[localhost/reftec.co.za/wp-content/uploads/2025/08/467932284_968085975144051_5878983514511104249_n-1.jpg]
[localhost/reftec.co.za/wp-content/uploads/2025/08/523947442_1138197128132934_1251778218458942840_n-1-1024x419.jpg]
[localhost/reftec.co.za/index.php/about-us/index.html]
[localhost/reftec.co.za/index.php/wp-json/wp/v2/pages/124.json]
[localhost/reftec.co.za/index.php/wp-json/oembed/1.0/embed6f39.json]
[localhost/reftec.co.za/index.php/wp-json/oembed/1.0/embeda837]
[localhost/reftec.co.za/index.php/contact-us/index.html]
[localhost/reftec.co.za/wp-content/themes/hello-biz/assets/images/starter-content/starter-content-believe-bg.html]
[localhost/reftec.co.za/'http_/localhost/reftec.co.za/wp-content/themes/hello-biz/assets/images/starter-content/starter-content-bg-shapes.html]
[localhost/reftec.co.za/wp-content/themes/hello-biz/assets/images/starter-content/starter-content-icon-social-media.html]
[localhost/reftec.co.za/wp-content/themes/hello-biz/assets/images/starter-content/starter-content-icon-seo.html]
[localhost/reftec.co.za/wp-content/themes/hello-biz/assets/images/starter-content/starter-content-icon-ppc.html]
[localhost/reftec.co.za/index4ab3.html]
[localhost/reftec.co.za/indexe856.html]
[localhost/reftec.co.za/indexd4a6.html]
